// Jest Snapshot v1, https://goo.gl/fbAQLP

exports[`Language Snapshots should select russian language 1`] = `
<div
  aria-busy={undefined}
  aria-disabled={undefined}
  aria-expanded={false}
  aria-multiselectable={undefined}
  className="ui dropdown"
  onBlur={[Function]}
  onChange={[Function]}
  onClick={[Function]}
  onFocus={[Function]}
  onMouseDown={[Function]}
  role="listbox"
  tabIndex={0}
>
  <span>
    <i
      aria-hidden="true"
      className="world icon"
    />
    ru
  </span>
  <i
    aria-hidden="true"
    className="dropdown icon"
  />
  <div
    className="menu transition"
  >
    <div
      aria-checked={false}
      aria-disabled={undefined}
      aria-selected={true}
      className="selected item"
      language="en"
      onClick={[Function]}
      role="option"
      style={
        Object {
          "pointerEvents": "all",
        }
      }
    >
      <i
        className="us flag"
      />
      <span
        className="text"
      >
        English
      </span>
    </div>
    <div
      aria-checked={false}
      aria-disabled={undefined}
      aria-selected={false}
      className="item"
      language="lv"
      onClick={[Function]}
      role="option"
      style={
        Object {
          "pointerEvents": "all",
        }
      }
    >
      <i
        className="lv flag"
      />
      <span
        className="text"
      >
        Latvian
      </span>
    </div>
    <div
      aria-checked={false}
      aria-disabled={undefined}
      aria-selected={false}
      className="item"
      language="ru"
      onClick={[Function]}
      role="option"
      style={
        Object {
          "pointerEvents": "all",
        }
      }
    >
      <i
        className="ru flag"
      />
      <span
        className="text"
      >
        Russian
      </span>
    </div>
  </div>
</div>
`;
